Component: ARM Compiler 5.06 update 7 (build 960) Tool: armlink [4d3601]

==============================================================================

Section Cross References

    flashprg.o(.text) refers to system_stm32h7xx.o(.text) for SystemInit
    flashprg.o(.text) refers to bsp.o(.text) for SystemClock_Config
    flashprg.o(.text) refers to bsp_qspi_w25q256.o(.text) for bsp_InitQSPI_W25Q256
    bsp.o(.text) refers to memseta.o(.text) for __aeabi_memclr4
    bsp.o(.text) refers to stm32h7xx_hal_rcc.o(.text) for HAL_RCC_OscConfig
    bsp.o(.text) refers to stm32h7xx_hal.o(.text) for HAL_EnableCompensationCell
    bsp_qspi_w25q256.o(.text) refers to stm32h7xx_hal_qspi.o(.text) for HAL_QSPI_DeInit
    bsp_qspi_w25q256.o(.text) refers to stm32h7xx_hal_gpio.o(.text) for HAL_GPIO_Init
    bsp_qspi_w25q256.o(.text) refers to memseta.o(.text) for __aeabi_memclr4
    bsp_qspi_w25q256.o(.text) refers to bsp_qspi_w25q256.o(.bss) for QSPIHandle
    stm32h7xx_hal.o(.text) refers to stm32h7xx_hal_cortex.o(.text) for HAL_SYSTICK_Config
    stm32h7xx_hal.o(.text) refers to stm32h7xx_hal_rcc.o(.text) for HAL_RCC_GetSysClockFreq
    stm32h7xx_hal.o(.text) refers to bsp.o(.text) for HAL_InitTick
    stm32h7xx_hal.o(.text) refers to stm32h7xx_hal.o(.data) for uwTickFreq
    stm32h7xx_hal.o(.text) refers to system_stm32h7xx.o(.data) for SystemCoreClock
    stm32h7xx_hal.o(.text) refers to system_stm32h7xx.o(.constdata) for D1CorePrescTable
    stm32h7xx_hal_rcc.o(.text) refers to stm32h7xx_hal.o(.text) for HAL_GetTick
    stm32h7xx_hal_rcc.o(.text) refers to bsp.o(.text) for HAL_InitTick
    stm32h7xx_hal_rcc.o(.text) refers to system_stm32h7xx.o(.data) for SystemCoreClock
    stm32h7xx_hal_rcc.o(.text) refers to stm32h7xx_hal.o(.data) for uwTickPrio
    stm32h7xx_hal_rcc.o(.text) refers to stm32h7xx_hal_gpio.o(.text) for HAL_GPIO_Init
    stm32h7xx_hal_rcc.o(.text) refers to system_stm32h7xx.o(.constdata) for D1CorePrescTable
    stm32h7xx_hal_qspi.o(.text) refers to stm32h7xx_hal.o(.text) for HAL_GetTick
    stm32h7xx_hal_qspi.o(.text) refers to bsp_qspi_w25q256.o(.text) for HAL_QSPI_MspInit
    system_stm32h7xx.o(.text) refers to system_stm32h7xx.o(.constdata) for D1CorePrescTable
    system_stm32h7xx.o(.text) refers to system_stm32h7xx.o(.data) for SystemD2Clock


==============================================================================

Image Symbol Table

    Local Symbols

    Symbol Name                              Value     Ov Type        Size  Object(Section)

    .rev16_text                              0x00000000   Section        4  flashprg.o(.rev16_text)
    $v0                                      0x00000000   Number         0  flashprg.o(.rev16_text)
    ../clib/microlib/string/memset.c         0x00000000   Number         0  memseta.o ABSOLUTE
    ..\..\Libraries\CMSIS\Device\ST\STM32H7xx\Source\Templates\system_stm32h7xx.c 0x00000000   Number         0  system_stm32h7xx.o ABSOLUTE
    ..\..\Libraries\STM32H7xx_HAL_Driver\Src\stm32h7xx_hal.c 0x00000000   Number         0  stm32h7xx_hal.o ABSOLUTE
    ..\..\Libraries\STM32H7xx_HAL_Driver\Src\stm32h7xx_hal_cortex.c 0x00000000   Number         0  stm32h7xx_hal_cortex.o ABSOLUTE
    ..\..\Libraries\STM32H7xx_HAL_Driver\Src\stm32h7xx_hal_gpio.c 0x00000000   Number         0  stm32h7xx_hal_gpio.o ABSOLUTE
    ..\..\Libraries\STM32H7xx_HAL_Driver\Src\stm32h7xx_hal_qspi.c 0x00000000   Number         0  stm32h7xx_hal_qspi.o ABSOLUTE
    ..\..\Libraries\STM32H7xx_HAL_Driver\Src\stm32h7xx_hal_rcc.c 0x00000000   Number         0  stm32h7xx_hal_rcc.o ABSOLUTE
    ..\..\User\FlashDev.c                    0x00000000   Number         0  flashdev.o ABSOLUTE
    ..\..\User\FlashPrg.c                    0x00000000   Number         0  flashprg.o ABSOLUTE
    ..\..\User\bsp\bsp.c                     0x00000000   Number         0  bsp.o ABSOLUTE
    ..\..\User\bsp\src\bsp_qspi_w25q256.c    0x00000000   Number         0  bsp_qspi_w25q256.o ABSOLUTE
    ..\\..\\Libraries\\CMSIS\\Device\\ST\\STM32H7xx\\Source\\Templates\\system_stm32h7xx.c 0x00000000   Number         0  system_stm32h7xx.o ABSOLUTE
    ..\\..\\Libraries\\STM32H7xx_HAL_Driver\\Src\\stm32h7xx_hal.c 0x00000000   Number         0  stm32h7xx_hal.o ABSOLUTE
    ..\\..\\Libraries\\STM32H7xx_HAL_Driver\\Src\\stm32h7xx_hal_cortex.c 0x00000000   Number         0  stm32h7xx_hal_cortex.o ABSOLUTE
    ..\\..\\Libraries\\STM32H7xx_HAL_Driver\\Src\\stm32h7xx_hal_gpio.c 0x00000000   Number         0  stm32h7xx_hal_gpio.o ABSOLUTE
    ..\\..\\Libraries\\STM32H7xx_HAL_Driver\\Src\\stm32h7xx_hal_qspi.c 0x00000000   Number         0  stm32h7xx_hal_qspi.o ABSOLUTE
    ..\\..\\Libraries\\STM32H7xx_HAL_Driver\\Src\\stm32h7xx_hal_rcc.c 0x00000000   Number         0  stm32h7xx_hal_rcc.o ABSOLUTE
    ..\\..\\User\\FlashPrg.c                 0x00000000   Number         0  flashprg.o ABSOLUTE
    ..\\..\\User\\bsp\\bsp.c                 0x00000000   Number         0  bsp.o ABSOLUTE
    ..\\..\\User\\bsp\\src\\bsp_qspi_w25q256.c 0x00000000   Number         0  bsp_qspi_w25q256.o ABSOLUTE
    dc.s                                     0x00000000   Number         0  dc.o ABSOLUTE
    .rev16_text                              0x00000004   Section        4  bsp.o(.rev16_text)
    $v0                                      0x00000004   Number         0  bsp.o(.rev16_text)
    .rev16_text                              0x00000008   Section        4  bsp_qspi_w25q256.o(.rev16_text)
    $v0                                      0x00000008   Number         0  bsp_qspi_w25q256.o(.rev16_text)
    .rev16_text                              0x0000000c   Section        4  stm32h7xx_hal.o(.rev16_text)
    $v0                                      0x0000000c   Number         0  stm32h7xx_hal.o(.rev16_text)
    .rev16_text                              0x00000010   Section        4  stm32h7xx_hal_rcc.o(.rev16_text)
    $v0                                      0x00000010   Number         0  stm32h7xx_hal_rcc.o(.rev16_text)
    .rev16_text                              0x00000014   Section        4  stm32h7xx_hal_gpio.o(.rev16_text)
    $v0                                      0x00000014   Number         0  stm32h7xx_hal_gpio.o(.rev16_text)
    .rev16_text                              0x00000018   Section        4  stm32h7xx_hal_qspi.o(.rev16_text)
    $v0                                      0x00000018   Number         0  stm32h7xx_hal_qspi.o(.rev16_text)
    .rev16_text                              0x0000001c   Section        4  stm32h7xx_hal_cortex.o(.rev16_text)
    $v0                                      0x0000001c   Number         0  stm32h7xx_hal_cortex.o(.rev16_text)
    .rev16_text                              0x00000020   Section        4  system_stm32h7xx.o(.rev16_text)
    $v0                                      0x00000020   Number         0  system_stm32h7xx.o(.rev16_text)
    .revsh_text                              0x00000024   Section        4  flashprg.o(.revsh_text)
    $v0                                      0x00000024   Number         0  flashprg.o(.revsh_text)
    .revsh_text                              0x00000028   Section        4  bsp.o(.revsh_text)
    $v0                                      0x00000028   Number         0  bsp.o(.revsh_text)
    .revsh_text                              0x0000002c   Section        4  bsp_qspi_w25q256.o(.revsh_text)
    $v0                                      0x0000002c   Number         0  bsp_qspi_w25q256.o(.revsh_text)
    .revsh_text                              0x00000030   Section        4  stm32h7xx_hal.o(.revsh_text)
    $v0                                      0x00000030   Number         0  stm32h7xx_hal.o(.revsh_text)
    .revsh_text                              0x00000034   Section        4  stm32h7xx_hal_rcc.o(.revsh_text)
    $v0                                      0x00000034   Number         0  stm32h7xx_hal_rcc.o(.revsh_text)
    .revsh_text                              0x00000038   Section        4  stm32h7xx_hal_gpio.o(.revsh_text)
    $v0                                      0x00000038   Number         0  stm32h7xx_hal_gpio.o(.revsh_text)
    .revsh_text                              0x0000003c   Section        4  stm32h7xx_hal_qspi.o(.revsh_text)
    $v0                                      0x0000003c   Number         0  stm32h7xx_hal_qspi.o(.revsh_text)
    .revsh_text                              0x00000040   Section        4  stm32h7xx_hal_cortex.o(.revsh_text)
    $v0                                      0x00000040   Number         0  stm32h7xx_hal_cortex.o(.revsh_text)
    .revsh_text                              0x00000044   Section        4  system_stm32h7xx.o(.revsh_text)
    $v0                                      0x00000044   Number         0  system_stm32h7xx.o(.revsh_text)
    .rrx_text                                0x00000048   Section        6  flashprg.o(.rrx_text)
    $v0                                      0x00000048   Number         0  flashprg.o(.rrx_text)
    .rrx_text                                0x00000050   Section        6  bsp.o(.rrx_text)
    $v0                                      0x00000050   Number         0  bsp.o(.rrx_text)
    .rrx_text                                0x00000058   Section        6  bsp_qspi_w25q256.o(.rrx_text)
    $v0                                      0x00000058   Number         0  bsp_qspi_w25q256.o(.rrx_text)
    .rrx_text                                0x00000060   Section        6  stm32h7xx_hal.o(.rrx_text)
    $v0                                      0x00000060   Number         0  stm32h7xx_hal.o(.rrx_text)
    .rrx_text                                0x00000068   Section        6  stm32h7xx_hal_rcc.o(.rrx_text)
    $v0                                      0x00000068   Number         0  stm32h7xx_hal_rcc.o(.rrx_text)
    .rrx_text                                0x00000070   Section        6  stm32h7xx_hal_gpio.o(.rrx_text)
    $v0                                      0x00000070   Number         0  stm32h7xx_hal_gpio.o(.rrx_text)
    .rrx_text                                0x00000078   Section        6  stm32h7xx_hal_qspi.o(.rrx_text)
    $v0                                      0x00000078   Number         0  stm32h7xx_hal_qspi.o(.rrx_text)
    .rrx_text                                0x00000080   Section        6  stm32h7xx_hal_cortex.o(.rrx_text)
    $v0                                      0x00000080   Number         0  stm32h7xx_hal_cortex.o(.rrx_text)
    .rrx_text                                0x00000088   Section        6  system_stm32h7xx.o(.rrx_text)
    $v0                                      0x00000088   Number         0  system_stm32h7xx.o(.rrx_text)
    .text                                    0x0000008e   Section        0  flashprg.o(.text)
    .text                                    0x000001d0   Section        0  bsp.o(.text)
    .text                                    0x00000348   Section        0  bsp_qspi_w25q256.o(.text)
    QSPI_AutoPollingMemReady                 0x00000561   Thumb Code   108  bsp_qspi_w25q256.o(.text)
    QSPI_WriteEnable                         0x000005cd   Thumb Code    72  bsp_qspi_w25q256.o(.text)
    .text                                    0x000008b4   Section        0  stm32h7xx_hal.o(.text)
    .text                                    0x00000ed0   Section        0  stm32h7xx_hal_rcc.o(.text)
    .text                                    0x00001c58   Section        0  stm32h7xx_hal_gpio.o(.text)
    .text                                    0x00002024   Section        0  stm32h7xx_hal_qspi.o(.text)
    QSPI_WaitFlagStateUntilTimeout           0x00002025   Thumb Code    30  stm32h7xx_hal_qspi.o(.text)
    QSPI_Config                              0x0000211b   Thumb Code   488  stm32h7xx_hal_qspi.o(.text)
    .text                                    0x00002abc   Section        0  stm32h7xx_hal_cortex.o(.text)
    __NVIC_SetPriority                       0x00002abd   Thumb Code    32  stm32h7xx_hal_cortex.o(.text)
    __NVIC_GetPriorityGrouping               0x00002e23   Thumb Code    12  stm32h7xx_hal_cortex.o(.text)
    .text                                    0x00002e44   Section        0  system_stm32h7xx.o(.text)
    .text                                    0x00003158   Section        0  memseta.o(.text)
    .constdata                               0x0000317c   Section       16  system_stm32h7xx.o(.constdata)
    .data                                    0x00003190   Section        9  stm32h7xx_hal.o(.data)
    .data                                    0x0000319c   Section        8  system_stm32h7xx.o(.data)
    .bss                                     0x000031a4   Section       76  bsp_qspi_w25q256.o(.bss)
    .constdata                               0x000031a4   Section     4256  flashdev.o(.constdata)
    QSPIHandle                               0x000031a4   Data          76  bsp_qspi_w25q256.o(.bss)

    Global Symbols

    Symbol Name                              Value     Ov Type        Size  Object(Section)

    BuildAttributes$$THM_ISAv4$E$P$D$K$B$S$7EM$VFPv5_D16$PE$PLD8$A:L22UL41UL21$X:L11$S22US41US21$IEEE1$IW$RWPI$USESV6$~STKCKD$USESV7$~SHL$OSPACE$ROPI$EBA8$MICROLIB$REQ8$PRES8$EABIv2 0x00000000   Number         0  anon$$obj.o ABSOLUTE
    __asm___10_FlashPrg_c_Init____REV16      0x00000001   Thumb Code     4  flashprg.o(.rev16_text)
    __asm___5_bsp_c_2a3ab6ca____REV16        0x00000005   Thumb Code     4  bsp.o(.rev16_text)
    __asm___18_bsp_qspi_w25q256_c_8e819519____REV16 0x00000009   Thumb Code     4  bsp_qspi_w25q256.o(.rev16_text)
    __asm___15_stm32h7xx_hal_c_3da258af____REV16 0x0000000d   Thumb Code     4  stm32h7xx_hal.o(.rev16_text)
    __asm___19_stm32h7xx_hal_rcc_c_b7071a4b____REV16 0x00000011   Thumb Code     4  stm32h7xx_hal_rcc.o(.rev16_text)
    __asm___20_stm32h7xx_hal_gpio_c_ea787061____REV16 0x00000015   Thumb Code     4  stm32h7xx_hal_gpio.o(.rev16_text)
    __asm___20_stm32h7xx_hal_qspi_c_9f327679____REV16 0x00000019   Thumb Code     4  stm32h7xx_hal_qspi.o(.rev16_text)
    __asm___22_stm32h7xx_hal_cortex_c_2992dbc0____REV16 0x0000001d   Thumb Code     4  stm32h7xx_hal_cortex.o(.rev16_text)
    __asm___18_system_stm32h7xx_c_5d646a67____REV16 0x00000021   Thumb Code     4  system_stm32h7xx.o(.rev16_text)
    __asm___10_FlashPrg_c_Init____REVSH      0x00000025   Thumb Code     4  flashprg.o(.revsh_text)
    __asm___5_bsp_c_2a3ab6ca____REVSH        0x00000029   Thumb Code     4  bsp.o(.revsh_text)
    __asm___18_bsp_qspi_w25q256_c_8e819519____REVSH 0x0000002d   Thumb Code     4  bsp_qspi_w25q256.o(.revsh_text)
    __asm___15_stm32h7xx_hal_c_3da258af____REVSH 0x00000031   Thumb Code     4  stm32h7xx_hal.o(.revsh_text)
    __asm___19_stm32h7xx_hal_rcc_c_b7071a4b____REVSH 0x00000035   Thumb Code     4  stm32h7xx_hal_rcc.o(.revsh_text)
    __asm___20_stm32h7xx_hal_gpio_c_ea787061____REVSH 0x00000039   Thumb Code     4  stm32h7xx_hal_gpio.o(.revsh_text)
    __asm___20_stm32h7xx_hal_qspi_c_9f327679____REVSH 0x0000003d   Thumb Code     4  stm32h7xx_hal_qspi.o(.revsh_text)
    __asm___22_stm32h7xx_hal_cortex_c_2992dbc0____REVSH 0x00000041   Thumb Code     4  stm32h7xx_hal_cortex.o(.revsh_text)
    __asm___18_system_stm32h7xx_c_5d646a67____REVSH 0x00000045   Thumb Code     4  system_stm32h7xx.o(.revsh_text)
    __asm___10_FlashPrg_c_Init____RRX        0x00000049   Thumb Code     6  flashprg.o(.rrx_text)
    __asm___5_bsp_c_2a3ab6ca____RRX          0x00000051   Thumb Code     6  bsp.o(.rrx_text)
    __asm___18_bsp_qspi_w25q256_c_8e819519____RRX 0x00000059   Thumb Code     6  bsp_qspi_w25q256.o(.rrx_text)
    __asm___15_stm32h7xx_hal_c_3da258af____RRX 0x00000061   Thumb Code     6  stm32h7xx_hal.o(.rrx_text)
    __asm___19_stm32h7xx_hal_rcc_c_b7071a4b____RRX 0x00000069   Thumb Code     6  stm32h7xx_hal_rcc.o(.rrx_text)
    __asm___20_stm32h7xx_hal_gpio_c_ea787061____RRX 0x00000071   Thumb Code     6  stm32h7xx_hal_gpio.o(.rrx_text)
    __asm___20_stm32h7xx_hal_qspi_c_9f327679____RRX 0x00000079   Thumb Code     6  stm32h7xx_hal_qspi.o(.rrx_text)
    __asm___22_stm32h7xx_hal_cortex_c_2992dbc0____RRX 0x00000081   Thumb Code     6  stm32h7xx_hal_cortex.o(.rrx_text)
    __asm___18_system_stm32h7xx_c_5d646a67____RRX 0x00000089   Thumb Code     6  system_stm32h7xx.o(.rrx_text)
    Init                                     0x0000008f   Thumb Code    58  flashprg.o(.text)
    UnInit                                   0x000000c9   Thumb Code    34  flashprg.o(.text)
    EraseChip                                0x000000eb   Thumb Code    44  flashprg.o(.text)
    EraseSector                              0x00000117   Thumb Code    68  flashprg.o(.text)
    ProgramPage                              0x0000015b   Thumb Code   116  flashprg.o(.text)
    HAL_InitTick                             0x000001d1   Thumb Code     6  bsp.o(.text)
    SystemClock_Config                       0x000001d7   Thumb Code   356  bsp.o(.text)
    bsp_InitQSPI_W25Q256                     0x00000349   Thumb Code    94  bsp_qspi_w25q256.o(.text)
    HAL_QSPI_MspInit                         0x000003a7   Thumb Code   344  bsp_qspi_w25q256.o(.text)
    HAL_QSPI_MspDeInit                       0x000004ff   Thumb Code    98  bsp_qspi_w25q256.o(.text)
    QSPI_EraseSector                         0x00000615   Thumb Code    98  bsp_qspi_w25q256.o(.text)
    QSPI_EraseChip                           0x00000677   Thumb Code    96  bsp_qspi_w25q256.o(.text)
    QSPI_WriteBuffer                         0x000006d7   Thumb Code   160  bsp_qspi_w25q256.o(.text)
    QSPI_ReadBuffer                          0x00000777   Thumb Code   102  bsp_qspi_w25q256.o(.text)
    QSPI_ReadID                              0x000007dd   Thumb Code   112  bsp_qspi_w25q256.o(.text)
    QSPI_MemoryMapped                        0x0000084d   Thumb Code    86  bsp_qspi_w25q256.o(.text)
    QSPI_QuitMemoryMapped                    0x000008a3   Thumb Code    14  bsp_qspi_w25q256.o(.text)
    HAL_MspInit                              0x000008b5   Thumb Code     2  stm32h7xx_hal.o(.text)
    HAL_Init                                 0x00000909   Thumb Code    86  stm32h7xx_hal.o(.text)
    HAL_MspDeInit                            0x0000095f   Thumb Code     2  stm32h7xx_hal.o(.text)
    HAL_DeInit                               0x00000961   Thumb Code   106  stm32h7xx_hal.o(.text)
    HAL_IncTick                              0x000009cb   Thumb Code    22  stm32h7xx_hal.o(.text)
    HAL_GetTick                              0x000009e1   Thumb Code     8  stm32h7xx_hal.o(.text)
    HAL_GetTickPrio                          0x000009e9   Thumb Code     8  stm32h7xx_hal.o(.text)
    HAL_SetTickFreq                          0x000009f1   Thumb Code    48  stm32h7xx_hal.o(.text)
    HAL_GetTickFreq                          0x00000a21   Thumb Code     8  stm32h7xx_hal.o(.text)
    HAL_Delay                                0x00000a29   Thumb Code    38  stm32h7xx_hal.o(.text)
    HAL_SuspendTick                          0x00000a4f   Thumb Code    18  stm32h7xx_hal.o(.text)
    HAL_ResumeTick                           0x00000a61   Thumb Code    18  stm32h7xx_hal.o(.text)
    HAL_GetHalVersion                        0x00000a73   Thumb Code     4  stm32h7xx_hal.o(.text)
    HAL_GetREVID                             0x00000a77   Thumb Code     8  stm32h7xx_hal.o(.text)
    HAL_GetDEVID                             0x00000a7f   Thumb Code    10  stm32h7xx_hal.o(.text)
    HAL_GetUIDw0                             0x00000a89   Thumb Code     6  stm32h7xx_hal.o(.text)
    HAL_GetUIDw1                             0x00000a8f   Thumb Code     8  stm32h7xx_hal.o(.text)
    HAL_GetUIDw2                             0x00000a97   Thumb Code     8  stm32h7xx_hal.o(.text)
    HAL_SYSCFG_VREFBUF_VoltageScalingConfig  0x00000a9f   Thumb Code    16  stm32h7xx_hal.o(.text)
    HAL_SYSCFG_VREFBUF_HighImpedanceConfig   0x00000aaf   Thumb Code    16  stm32h7xx_hal.o(.text)
    HAL_SYSCFG_VREFBUF_TrimmingConfig        0x00000abf   Thumb Code    20  stm32h7xx_hal.o(.text)
    HAL_SYSCFG_EnableVREFBUF                 0x00000ad3   Thumb Code    52  stm32h7xx_hal.o(.text)
    HAL_SYSCFG_DisableVREFBUF                0x00000b07   Thumb Code    14  stm32h7xx_hal.o(.text)
    HAL_SYSCFG_ETHInterfaceSelect            0x00000b15   Thumb Code    16  stm32h7xx_hal.o(.text)
    HAL_SYSCFG_AnalogSwitchConfig            0x00000b25   Thumb Code    14  stm32h7xx_hal.o(.text)
    HAL_SYSCFG_EnableBOOST                   0x00000b33   Thumb Code    14  stm32h7xx_hal.o(.text)
    HAL_SYSCFG_DisableBOOST                  0x00000b41   Thumb Code    14  stm32h7xx_hal.o(.text)
    HAL_SYSCFG_CM7BootAddConfig              0x00000b4f   Thumb Code    40  stm32h7xx_hal.o(.text)
    HAL_EnableCompensationCell               0x00000b77   Thumb Code    18  stm32h7xx_hal.o(.text)
    HAL_DisableCompensationCell              0x00000b89   Thumb Code    18  stm32h7xx_hal.o(.text)
    HAL_SYSCFG_EnableIOSpeedOptimize         0x00000b9b   Thumb Code    18  stm32h7xx_hal.o(.text)
    HAL_SYSCFG_DisableIOSpeedOptimize        0x00000bad   Thumb Code    18  stm32h7xx_hal.o(.text)
    HAL_SYSCFG_CompensationCodeSelect        0x00000bbf   Thumb Code    20  stm32h7xx_hal.o(.text)
    HAL_SYSCFG_CompensationCodeConfig        0x00000bd3   Thumb Code    24  stm32h7xx_hal.o(.text)
    HAL_DBGMCU_EnableDBGSleepMode            0x00000beb   Thumb Code    14  stm32h7xx_hal.o(.text)
    HAL_DBGMCU_DisableDBGSleepMode           0x00000bf9   Thumb Code    14  stm32h7xx_hal.o(.text)
    HAL_DBGMCU_EnableDBGStopMode             0x00000c07   Thumb Code    14  stm32h7xx_hal.o(.text)
    HAL_DBGMCU_DisableDBGStopMode            0x00000c15   Thumb Code    14  stm32h7xx_hal.o(.text)
    HAL_DBGMCU_EnableDBGStandbyMode          0x00000c23   Thumb Code    14  stm32h7xx_hal.o(.text)
    HAL_DBGMCU_DisableDBGStandbyMode         0x00000c31   Thumb Code    14  stm32h7xx_hal.o(.text)
    HAL_EnableDomain3DBGStopMode             0x00000c3f   Thumb Code    14  stm32h7xx_hal.o(.text)
    HAL_DisableDomain3DBGStopMode            0x00000c4d   Thumb Code    14  stm32h7xx_hal.o(.text)
    HAL_EnableDomain3DBGStandbyMode          0x00000c5b   Thumb Code    14  stm32h7xx_hal.o(.text)
    HAL_DisableDomain3DBGStandbyMode         0x00000c69   Thumb Code    14  stm32h7xx_hal.o(.text)
    HAL_SetFMCMemorySwappingConfig           0x00000c77   Thumb Code    16  stm32h7xx_hal.o(.text)
    HAL_GetFMCMemorySwappingConfig           0x00000c87   Thumb Code    10  stm32h7xx_hal.o(.text)
    HAL_EXTI_EdgeConfig                      0x00000c91   Thumb Code   226  stm32h7xx_hal.o(.text)
    HAL_EXTI_GenerateSWInterrupt             0x00000d73   Thumb Code    32  stm32h7xx_hal.o(.text)
    HAL_EXTI_D1_ClearFlag                    0x00000d93   Thumb Code    22  stm32h7xx_hal.o(.text)
    HAL_EXTI_D1_EventInputConfig             0x00000da9   Thumb Code   168  stm32h7xx_hal.o(.text)
    HAL_EXTI_D3_EventInputConfig             0x00000e51   Thumb Code   124  stm32h7xx_hal.o(.text)
    HAL_RCC_DeInit                           0x00000ed1   Thumb Code   526  stm32h7xx_hal_rcc.o(.text)
    HAL_RCC_OscConfig                        0x000010df   Thumb Code   668  stm32h7xx_hal_rcc.o(.text)
    HAL_RCC_GetSysClockFreq                  0x0000137b   Thumb Code   518  stm32h7xx_hal_rcc.o(.text)
    HAL_RCC_ClockConfig                      0x00001581   Thumb Code   820  stm32h7xx_hal_rcc.o(.text)
    HAL_RCC_MCOConfig                        0x000018b5   Thumb Code   182  stm32h7xx_hal_rcc.o(.text)
    HAL_RCC_EnableCSS                        0x0000196b   Thumb Code    14  stm32h7xx_hal_rcc.o(.text)
    HAL_RCC_DisableCSS                       0x00001979   Thumb Code    14  stm32h7xx_hal_rcc.o(.text)
    HAL_RCC_GetHCLKFreq                      0x00001987   Thumb Code    70  stm32h7xx_hal_rcc.o(.text)
    HAL_RCC_GetPCLK1Freq                     0x000019cd   Thumb Code    32  stm32h7xx_hal_rcc.o(.text)
    HAL_RCC_GetPCLK2Freq                     0x000019ed   Thumb Code    32  stm32h7xx_hal_rcc.o(.text)
    HAL_RCC_GetOscConfig                     0x00001a0d   Thumb Code   442  stm32h7xx_hal_rcc.o(.text)
    HAL_RCC_GetClockConfig                   0x00001bc7   Thumb Code   100  stm32h7xx_hal_rcc.o(.text)
    HAL_RCC_CSSCallback                      0x00001c2b   Thumb Code     2  stm32h7xx_hal_rcc.o(.text)
    HAL_RCC_NMI_IRQHandler                   0x00001c2d   Thumb Code    34  stm32h7xx_hal_rcc.o(.text)
    HAL_GPIO_Init                            0x00001c59   Thumb Code   468  stm32h7xx_hal_gpio.o(.text)
    HAL_GPIO_DeInit                          0x00001e2d   Thumb Code   328  stm32h7xx_hal_gpio.o(.text)
    HAL_GPIO_ReadPin                         0x00001f75   Thumb Code    16  stm32h7xx_hal_gpio.o(.text)
    HAL_GPIO_WritePin                        0x00001f85   Thumb Code    12  stm32h7xx_hal_gpio.o(.text)
    HAL_GPIO_TogglePin                       0x00001f91   Thumb Code    18  stm32h7xx_hal_gpio.o(.text)
    HAL_GPIO_LockPin                         0x00001fa3   Thumb Code    46  stm32h7xx_hal_gpio.o(.text)
    HAL_GPIO_EXTI_Callback                   0x00001fd1   Thumb Code     2  stm32h7xx_hal_gpio.o(.text)
    HAL_GPIO_EXTI_IRQHandler                 0x00001fd3   Thumb Code    28  stm32h7xx_hal_gpio.o(.text)
    HAL_QSPI_SetTimeout                      0x00002043   Thumb Code     4  stm32h7xx_hal_qspi.o(.text)
    HAL_QSPI_Init                            0x00002049   Thumb Code   168  stm32h7xx_hal_qspi.o(.text)
    HAL_QSPI_DeInit                          0x000020f3   Thumb Code    40  stm32h7xx_hal_qspi.o(.text)
    HAL_QSPI_Command                         0x00002303   Thumb Code   164  stm32h7xx_hal_qspi.o(.text)
    HAL_QSPI_Command_IT                      0x000023a7   Thumb Code   180  stm32h7xx_hal_qspi.o(.text)
    HAL_QSPI_Transmit                        0x0000245b   Thumb Code   222  stm32h7xx_hal_qspi.o(.text)
    HAL_QSPI_Receive                         0x00002539   Thumb Code   228  stm32h7xx_hal_qspi.o(.text)
    HAL_QSPI_Transmit_IT                     0x0000261d   Thumb Code   144  stm32h7xx_hal_qspi.o(.text)
    HAL_QSPI_Receive_IT                      0x000026ad   Thumb Code   156  stm32h7xx_hal_qspi.o(.text)
    HAL_QSPI_AutoPolling                     0x00002749   Thumb Code   202  stm32h7xx_hal_qspi.o(.text)
    HAL_QSPI_AutoPolling_IT                  0x00002813   Thumb Code   206  stm32h7xx_hal_qspi.o(.text)
    HAL_QSPI_MemoryMapped                    0x000028e1   Thumb Code   172  stm32h7xx_hal_qspi.o(.text)
    HAL_QSPI_ErrorCallback                   0x0000298d   Thumb Code     2  stm32h7xx_hal_qspi.o(.text)
    HAL_QSPI_AbortCpltCallback               0x0000298f   Thumb Code     2  stm32h7xx_hal_qspi.o(.text)
    HAL_QSPI_CmdCpltCallback                 0x00002991   Thumb Code     2  stm32h7xx_hal_qspi.o(.text)
    HAL_QSPI_RxCpltCallback                  0x00002993   Thumb Code     2  stm32h7xx_hal_qspi.o(.text)
    HAL_QSPI_TxCpltCallback                  0x00002995   Thumb Code     2  stm32h7xx_hal_qspi.o(.text)
    HAL_QSPI_FifoThresholdCallback           0x00002997   Thumb Code     2  stm32h7xx_hal_qspi.o(.text)
    HAL_QSPI_StatusMatchCallback             0x00002999   Thumb Code     2  stm32h7xx_hal_qspi.o(.text)
    HAL_QSPI_TimeOutCallback                 0x0000299b   Thumb Code     2  stm32h7xx_hal_qspi.o(.text)
    HAL_QSPI_GetState                        0x0000299d   Thumb Code     8  stm32h7xx_hal_qspi.o(.text)
    HAL_QSPI_GetError                        0x000029a5   Thumb Code     6  stm32h7xx_hal_qspi.o(.text)
    HAL_QSPI_Abort                           0x000029ab   Thumb Code   112  stm32h7xx_hal_qspi.o(.text)
    HAL_QSPI_SetFifoThreshold                0x00002a1b   Thumb Code    76  stm32h7xx_hal_qspi.o(.text)
    HAL_QSPI_GetFifoThreshold                0x00002a67   Thumb Code    14  stm32h7xx_hal_qspi.o(.text)
    HAL_QSPI_SetFlashID                      0x00002a75   Thumb Code    70  stm32h7xx_hal_qspi.o(.text)
    HAL_NVIC_SetPriorityGrouping             0x00002add   Thumb Code    36  stm32h7xx_hal_cortex.o(.text)
    HAL_NVIC_SetPriority                     0x00002b01   Thumb Code   122  stm32h7xx_hal_cortex.o(.text)
    HAL_NVIC_EnableIRQ                       0x00002b7b   Thumb Code    40  stm32h7xx_hal_cortex.o(.text)
    HAL_NVIC_DisableIRQ                      0x00002ba3   Thumb Code    38  stm32h7xx_hal_cortex.o(.text)
    HAL_NVIC_SystemReset                     0x00002bc9   Thumb Code    40  stm32h7xx_hal_cortex.o(.text)
    HAL_SYSTICK_Config                       0x00002bf1   Thumb Code    52  stm32h7xx_hal_cortex.o(.text)
    HAL_MPU_Disable                          0x00002c25   Thumb Code    30  stm32h7xx_hal_cortex.o(.text)
    HAL_MPU_Enable                           0x00002c43   Thumb Code    36  stm32h7xx_hal_cortex.o(.text)
    HAL_MPU_ConfigRegion                     0x00002c67   Thumb Code    90  stm32h7xx_hal_cortex.o(.text)
    HAL_NVIC_GetPriorityGrouping             0x00002cc1   Thumb Code     8  stm32h7xx_hal_cortex.o(.text)
    HAL_NVIC_GetPriority                     0x00002cc9   Thumb Code   138  stm32h7xx_hal_cortex.o(.text)
    HAL_NVIC_SetPendingIRQ                   0x00002d53   Thumb Code    32  stm32h7xx_hal_cortex.o(.text)
    HAL_NVIC_GetPendingIRQ                   0x00002d73   Thumb Code    46  stm32h7xx_hal_cortex.o(.text)
    HAL_NVIC_ClearPendingIRQ                 0x00002da1   Thumb Code    30  stm32h7xx_hal_cortex.o(.text)
    HAL_NVIC_GetActive                       0x00002dbf   Thumb Code    46  stm32h7xx_hal_cortex.o(.text)
    HAL_SYSTICK_CLKSourceConfig              0x00002ded   Thumb Code    40  stm32h7xx_hal_cortex.o(.text)
    HAL_SYSTICK_Callback                     0x00002e15   Thumb Code     2  stm32h7xx_hal_cortex.o(.text)
    HAL_SYSTICK_IRQHandler                   0x00002e17   Thumb Code     8  stm32h7xx_hal_cortex.o(.text)
    HAL_GetCurrentCPUID                      0x00002e1f   Thumb Code     4  stm32h7xx_hal_cortex.o(.text)
    SystemInit                               0x00002e45   Thumb Code   220  system_stm32h7xx.o(.text)
    SystemCoreClockUpdate                    0x00002f21   Thumb Code   492  system_stm32h7xx.o(.text)
    __aeabi_memset                           0x00003159   Thumb Code    14  memseta.o(.text)
    __aeabi_memset4                          0x00003159   Thumb Code     0  memseta.o(.text)
    __aeabi_memset8                          0x00003159   Thumb Code     0  memseta.o(.text)
    __aeabi_memclr                           0x00003167   Thumb Code     4  memseta.o(.text)
    __aeabi_memclr4                          0x00003167   Thumb Code     0  memseta.o(.text)
    __aeabi_memclr8                          0x00003167   Thumb Code     0  memseta.o(.text)
    _memset$wrapper                          0x0000316b   Thumb Code    18  memseta.o(.text)
    D1CorePrescTable                         0x0000317c   Data          16  system_stm32h7xx.o(.constdata)
    uwTick                                   0x00003190   Data           4  stm32h7xx_hal.o(.data)
    uwTickPrio                               0x00003194   Data           4  stm32h7xx_hal.o(.data)
    uwTickFreq                               0x00003198   Data           1  stm32h7xx_hal.o(.data)
    SystemCoreClock                          0x0000319c   Data           4  system_stm32h7xx.o(.data)
    SystemD2Clock                            0x000031a0   Data           4  system_stm32h7xx.o(.data)
    FlashDevice                              0x000031a4   Data        4256  flashdev.o(.constdata)



==============================================================================

Memory Map of the image

  Image entry point : Not specified.

  Load Region PRG (Base: 0x00000000, Size: 0x000031a4, Max: 0xffffffff, PI)

    Execution Region PrgCode (Exec base: 0x00000000, Load base: 0x00000000, Size: 0x0000318c, Max: 0xffffffff, PI)

    Exec Addr    Load Addr    Size         Type   Attr      Idx    E Section Name        Object

    0x00000000   0x00000000   0x00000004   Code   RO            1    .rev16_text         flashprg.o
    0x00000004   0x00000004   0x00000004   Code   RO          356    .rev16_text         bsp.o
    0x00000008   0x00000008   0x00000004   Code   RO          380    .rev16_text         bsp_qspi_w25q256.o
    0x0000000c   0x0000000c   0x00000004   Code   RO          406    .rev16_text         stm32h7xx_hal.o
    0x00000010   0x00000010   0x00000004   Code   RO          436    .rev16_text         stm32h7xx_hal_rcc.o
    0x00000014   0x00000014   0x00000004   Code   RO          460    .rev16_text         stm32h7xx_hal_gpio.o
    0x00000018   0x00000018   0x00000004   Code   RO          484    .rev16_text         stm32h7xx_hal_qspi.o
    0x0000001c   0x0000001c   0x00000004   Code   RO          508    .rev16_text         stm32h7xx_hal_cortex.o
    0x00000020   0x00000020   0x00000004   Code   RO          536    .rev16_text         system_stm32h7xx.o
    0x00000024   0x00000024   0x00000004   Code   RO            2    .revsh_text         flashprg.o
    0x00000028   0x00000028   0x00000004   Code   RO          357    .revsh_text         bsp.o
    0x0000002c   0x0000002c   0x00000004   Code   RO          381    .revsh_text         bsp_qspi_w25q256.o
    0x00000030   0x00000030   0x00000004   Code   RO          407    .revsh_text         stm32h7xx_hal.o
    0x00000034   0x00000034   0x00000004   Code   RO          437    .revsh_text         stm32h7xx_hal_rcc.o
    0x00000038   0x00000038   0x00000004   Code   RO          461    .revsh_text         stm32h7xx_hal_gpio.o
    0x0000003c   0x0000003c   0x00000004   Code   RO          485    .revsh_text         stm32h7xx_hal_qspi.o
    0x00000040   0x00000040   0x00000004   Code   RO          509    .revsh_text         stm32h7xx_hal_cortex.o
    0x00000044   0x00000044   0x00000004   Code   RO          537    .revsh_text         system_stm32h7xx.o
    0x00000048   0x00000048   0x00000006   Code   RO            3    .rrx_text           flashprg.o
    0x0000004e   0x0000004e   0x00000002   PAD
    0x00000050   0x00000050   0x00000006   Code   RO          358    .rrx_text           bsp.o
    0x00000056   0x00000056   0x00000002   PAD
    0x00000058   0x00000058   0x00000006   Code   RO          382    .rrx_text           bsp_qspi_w25q256.o
    0x0000005e   0x0000005e   0x00000002   PAD
    0x00000060   0x00000060   0x00000006   Code   RO          408    .rrx_text           stm32h7xx_hal.o
    0x00000066   0x00000066   0x00000002   PAD
    0x00000068   0x00000068   0x00000006   Code   RO          438    .rrx_text           stm32h7xx_hal_rcc.o
    0x0000006e   0x0000006e   0x00000002   PAD
    0x00000070   0x00000070   0x00000006   Code   RO          462    .rrx_text           stm32h7xx_hal_gpio.o
    0x00000076   0x00000076   0x00000002   PAD
    0x00000078   0x00000078   0x00000006   Code   RO          486    .rrx_text           stm32h7xx_hal_qspi.o
    0x0000007e   0x0000007e   0x00000002   PAD
    0x00000080   0x00000080   0x00000006   Code   RO          510    .rrx_text           stm32h7xx_hal_cortex.o
    0x00000086   0x00000086   0x00000002   PAD
    0x00000088   0x00000088   0x00000006   Code   RO          538    .rrx_text           system_stm32h7xx.o
    0x0000008e   0x0000008e   0x00000140   Code   RO            4    .text               flashprg.o
    0x000001ce   0x000001ce   0x00000002   PAD
    0x000001d0   0x000001d0   0x00000178   Code   RO          359    .text               bsp.o
    0x00000348   0x00000348   0x0000056c   Code   RO          383    .text               bsp_qspi_w25q256.o
    0x000008b4   0x000008b4   0x0000061c   Code   RO          409    .text               stm32h7xx_hal.o
    0x00000ed0   0x00000ed0   0x00000d88   Code   RO          439    .text               stm32h7xx_hal_rcc.o
    0x00001c58   0x00001c58   0x000003cc   Code   RO          463    .text               stm32h7xx_hal_gpio.o
    0x00002024   0x00002024   0x00000a96   Code   RO          487    .text               stm32h7xx_hal_qspi.o
    0x00002aba   0x00002aba   0x00000002   PAD
    0x00002abc   0x00002abc   0x00000388   Code   RO          511    .text               stm32h7xx_hal_cortex.o
    0x00002e44   0x00002e44   0x00000314   Code   RO          539    .text               system_stm32h7xx.o
    0x00003158   0x00003158   0x00000024   Code   RO          569    .text               mc_w.l(memseta.o)
    0x0000317c   0x0000317c   0x00000010   Data   RO          540    .constdata          system_stm32h7xx.o


    Execution Region PrgData (Exec base: 0x0000318c, Load base: 0x0000318c, Size: 0x00000064, Max: 0xffffffff, PI)

    Exec Addr    Load Addr    Size         Type   Attr      Idx    E Section Name        Object

    0x0000318c   0x0000318c   0x00000004   Data   RW          571    PDT$$ptr            anon$$obj.o
    0x00003190   0x00003190   0x00000009   Data   RW          410    .data               stm32h7xx_hal.o
    0x00003199   0x00003199   0x00000003   PAD
    0x0000319c   0x0000319c   0x00000008   Data   RW          541    .data               system_stm32h7xx.o
    0x000031a4        -       0x0000004c   Zero   RW          384    .bss                bsp_qspi_w25q256.o



  Load Region DSCR (Base: 0x000031a4, Size: 0x000010a0, Max: 0xffffffff, PI)

    Execution Region DevDscr (Exec base: 0x000031a4, Load base: 0x000031a4, Size: 0x000010a0, Max: 0xffffffff, PI)

    Exec Addr    Load Addr    Size         Type   Attr      Idx    E Section Name        Object

    0x000031a4   0x000031a4   0x000010a0   Data   RO          344    .constdata          flashdev.o


==============================================================================

Image component sizes


      Code (inc. data)   RO Data    RW Data    ZI Data      Debug   Object Name

       390         14          0          0          0       2918   bsp.o
      1402         30          0          0         76       8152   bsp_qspi_w25q256.o
         0          0       4256          0          0       1270   flashdev.o
       334          0          0          0          0    1149455   flashprg.o
      1578         84          0          9          0      30609   stm32h7xx_hal.o
       918         22          0          0          0      42598   stm32h7xx_hal_cortex.o
       986         54          0          0          0       5231   stm32h7xx_hal_gpio.o
      2724          8          0          0          0      12339   stm32h7xx_hal_qspi.o
      3478        124          0          0          0       7643   stm32h7xx_hal_rcc.o
       802         76         16          8          0       3884   system_stm32h7xx.o

    ----------------------------------------------------------------------
     12632        412       4272         24         76    1264099   Object Totals
         0          0          0          4          0          0   (incl. Generated)
        20          0          0          3          0          0   (incl. Padding)

    ----------------------------------------------------------------------

      Code (inc. data)   RO Data    RW Data    ZI Data      Debug   Library Member Name

        36          0          0          0          0        108   memseta.o

    ----------------------------------------------------------------------
        36          0          0          0          0        108   Library Totals
         0          0          0          0          0          0   (incl. Padding)

    ----------------------------------------------------------------------

      Code (inc. data)   RO Data    RW Data    ZI Data      Debug   Library Name

        36          0          0          0          0        108   mc_w.l

    ----------------------------------------------------------------------
        36          0          0          0          0        108   Library Totals

    ----------------------------------------------------------------------

==============================================================================


      Code (inc. data)   RO Data    RW Data    ZI Data      Debug   

     12668        412       4272         24         76    1259711   Grand Totals
     12668        412       4272         24         76    1259711   ELF Image Totals
     12668        412       4272         24          0          0   ROM Totals

==============================================================================

    Total RO  Size (Code + RO Data)                16940 (  16.54kB)
    Total RW  Size (RW Data + ZI Data)               100 (   0.10kB)
    Total ROM Size (Code + RO Data + RW Data)      16964 (  16.57kB)

==============================================================================

