Component: ARM Compiler 5.06 update 7 (build 960) Tool: armlink [4d3601]

==============================================================================

Section Cross References

    flashprg.o(.text) refers to system_stm32h7xx.o(.text) for SystemInit
    flashprg.o(.text) refers to bsp.o(.text) for SystemClock_Config
    flashprg.o(.text) refers to bsp_qspi_w25q256.o(.text) for bsp_InitQSPI_W25Q256
    bsp.o(.text) refers to memseta.o(.text) for __aeabi_memclr4
    bsp.o(.text) refers to stm32h7xx_hal_rcc.o(.text) for HAL_RCC_OscConfig
    bsp.o(.text) refers to stm32h7xx_hal.o(.text) for HAL_EnableCompensationCell
    bsp_qspi_w25q256.o(.text) refers to stm32h7xx_hal_qspi.o(.text) for HAL_QSPI_DeInit
    bsp_qspi_w25q256.o(.text) refers to stm32h7xx_hal_gpio.o(.text) for HAL_GPIO_Init
    bsp_qspi_w25q256.o(.text) refers to memseta.o(.text) for __aeabi_memclr4
    bsp_qspi_w25q256.o(.text) refers to bsp_qspi_w25q256.o(.bss) for QSPIHandle
    stm32h7xx_hal.o(.text) refers to stm32h7xx_hal_cortex.o(.text) for HAL_SYSTICK_Config
    stm32h7xx_hal.o(.text) refers to stm32h7xx_hal_rcc.o(.text) for HAL_RCC_GetSysClockFreq
    stm32h7xx_hal.o(.text) refers to bsp.o(.text) for HAL_InitTick
    stm32h7xx_hal.o(.text) refers to stm32h7xx_hal.o(.data) for uwTickFreq
    stm32h7xx_hal.o(.text) refers to system_stm32h7xx.o(.data) for SystemCoreClock
    stm32h7xx_hal.o(.text) refers to system_stm32h7xx.o(.constdata) for D1CorePrescTable
    stm32h7xx_hal_rcc.o(.text) refers to stm32h7xx_hal.o(.text) for HAL_GetTick
    stm32h7xx_hal_rcc.o(.text) refers to bsp.o(.text) for HAL_InitTick
    stm32h7xx_hal_rcc.o(.text) refers to system_stm32h7xx.o(.data) for SystemCoreClock
    stm32h7xx_hal_rcc.o(.text) refers to stm32h7xx_hal.o(.data) for uwTickPrio
    stm32h7xx_hal_rcc.o(.text) refers to stm32h7xx_hal_gpio.o(.text) for HAL_GPIO_Init
    stm32h7xx_hal_rcc.o(.text) refers to system_stm32h7xx.o(.constdata) for D1CorePrescTable
    stm32h7xx_hal_qspi.o(.text) refers to stm32h7xx_hal.o(.text) for HAL_GetTick
    stm32h7xx_hal_qspi.o(.text) refers to bsp_qspi_w25q256.o(.text) for HAL_QSPI_MspInit
    system_stm32h7xx.o(.text) refers to system_stm32h7xx.o(.constdata) for D1CorePrescTable
    system_stm32h7xx.o(.text) refers to system_stm32h7xx.o(.data) for SystemD2Clock


==============================================================================

Image Symbol Table

    Local Symbols

    Symbol Name                              Value     Ov Type        Size  Object(Section)

    .rev16_text                              0x00000000   Section        4  flashprg.o(.rev16_text)
    $v0                                      0x00000000   Number         0  flashprg.o(.rev16_text)
    ../clib/microlib/string/memset.c         0x00000000   Number         0  memseta.o ABSOLUTE
    ..\..\Libraries\CMSIS\Device\ST\STM32H7xx\Source\Templates\system_stm32h7xx.c 0x00000000   Number         0  system_stm32h7xx.o ABSOLUTE
    ..\..\Libraries\STM32H7xx_HAL_Driver\Src\stm32h7xx_hal.c 0x00000000   Number         0  stm32h7xx_hal.o ABSOLUTE
    ..\..\Libraries\STM32H7xx_HAL_Driver\Src\stm32h7xx_hal_cortex.c 0x00000000   Number         0  stm32h7xx_hal_cortex.o ABSOLUTE
    ..\..\Libraries\STM32H7xx_HAL_Driver\Src\stm32h7xx_hal_gpio.c 0x00000000   Number         0  stm32h7xx_hal_gpio.o ABSOLUTE
    ..\..\Libraries\STM32H7xx_HAL_Driver\Src\stm32h7xx_hal_qspi.c 0x00000000   Number         0  stm32h7xx_hal_qspi.o ABSOLUTE
    ..\..\Libraries\STM32H7xx_HAL_Driver\Src\stm32h7xx_hal_rcc.c 0x00000000   Number         0  stm32h7xx_hal_rcc.o ABSOLUTE
    ..\..\User\FlashDev.c                    0x00000000   Number         0  flashdev.o ABSOLUTE
    ..\..\User\FlashPrg.c                    0x00000000   Number         0  flashprg.o ABSOLUTE
    ..\..\User\bsp\bsp.c                     0x00000000   Number         0  bsp.o ABSOLUTE
    ..\..\User\bsp\src\bsp_qspi_w25q256.c    0x00000000   Number         0  bsp_qspi_w25q256.o ABSOLUTE
    ..\\..\\Libraries\\CMSIS\\Device\\ST\\STM32H7xx\\Source\\Templates\\system_stm32h7xx.c 0x00000000   Number         0  system_stm32h7xx.o ABSOLUTE
    ..\\..\\Libraries\\STM32H7xx_HAL_Driver\\Src\\stm32h7xx_hal.c 0x00000000   Number         0  stm32h7xx_hal.o ABSOLUTE
    ..\\..\\Libraries\\STM32H7xx_HAL_Driver\\Src\\stm32h7xx_hal_cortex.c 0x00000000   Number         0  stm32h7xx_hal_cortex.o ABSOLUTE
    ..\\..\\Libraries\\STM32H7xx_HAL_Driver\\Src\\stm32h7xx_hal_gpio.c 0x00000000   Number         0  stm32h7xx_hal_gpio.o ABSOLUTE
    ..\\..\\Libraries\\STM32H7xx_HAL_Driver\\Src\\stm32h7xx_hal_qspi.c 0x00000000   Number         0  stm32h7xx_hal_qspi.o ABSOLUTE
    ..\\..\\Libraries\\STM32H7xx_HAL_Driver\\Src\\stm32h7xx_hal_rcc.c 0x00000000   Number         0  stm32h7xx_hal_rcc.o ABSOLUTE
    ..\\..\\User\\FlashPrg.c                 0x00000000   Number         0  flashprg.o ABSOLUTE
    ..\\..\\User\\bsp\\bsp.c                 0x00000000   Number         0  bsp.o ABSOLUTE
    ..\\..\\User\\bsp\\src\\bsp_qspi_w25q256.c 0x00000000   Number         0  bsp_qspi_w25q256.o ABSOLUTE
    dc.s                                     0x00000000   Number         0  dc.o ABSOLUTE
    .rev16_text                              0x00000004   Section        4  bsp.o(.rev16_text)
    $v0                                      0x00000004   Number         0  bsp.o(.rev16_text)
    .rev16_text                              0x00000008   Section        4  bsp_qspi_w25q256.o(.rev16_text)
    $v0                                      0x00000008   Number         0  bsp_qspi_w25q256.o(.rev16_text)
    .rev16_text                              0x0000000c   Section        4  stm32h7xx_hal.o(.rev16_text)
    $v0                                      0x0000000c   Number         0  stm32h7xx_hal.o(.rev16_text)
    .rev16_text                              0x00000010   Section        4  stm32h7xx_hal_rcc.o(.rev16_text)
    $v0                                      0x00000010   Number         0  stm32h7xx_hal_rcc.o(.rev16_text)
    .rev16_text                              0x00000014   Section        4  stm32h7xx_hal_gpio.o(.rev16_text)
    $v0                                      0x00000014   Number         0  stm32h7xx_hal_gpio.o(.rev16_text)
    .rev16_text                              0x00000018   Section        4  stm32h7xx_hal_qspi.o(.rev16_text)
    $v0                                      0x00000018   Number         0  stm32h7xx_hal_qspi.o(.rev16_text)
    .rev16_text                              0x0000001c   Section        4  stm32h7xx_hal_cortex.o(.rev16_text)
    $v0                                      0x0000001c   Number         0  stm32h7xx_hal_cortex.o(.rev16_text)
    .rev16_text                              0x00000020   Section        4  system_stm32h7xx.o(.rev16_text)
    $v0                                      0x00000020   Number         0  system_stm32h7xx.o(.rev16_text)
    .revsh_text                              0x00000024   Section        4  flashprg.o(.revsh_text)
    $v0                                      0x00000024   Number         0  flashprg.o(.revsh_text)
    .revsh_text                              0x00000028   Section        4  bsp.o(.revsh_text)
    $v0                                      0x00000028   Number         0  bsp.o(.revsh_text)
    .revsh_text                              0x0000002c   Section        4  bsp_qspi_w25q256.o(.revsh_text)
    $v0                                      0x0000002c   Number         0  bsp_qspi_w25q256.o(.revsh_text)
    .revsh_text                              0x00000030   Section        4  stm32h7xx_hal.o(.revsh_text)
    $v0                                      0x00000030   Number         0  stm32h7xx_hal.o(.revsh_text)
    .revsh_text                              0x00000034   Section        4  stm32h7xx_hal_rcc.o(.revsh_text)
    $v0                                      0x00000034   Number         0  stm32h7xx_hal_rcc.o(.revsh_text)
    .revsh_text                              0x00000038   Section        4  stm32h7xx_hal_gpio.o(.revsh_text)
    $v0                                      0x00000038   Number         0  stm32h7xx_hal_gpio.o(.revsh_text)
    .revsh_text                              0x0000003c   Section        4  stm32h7xx_hal_qspi.o(.revsh_text)
    $v0                                      0x0000003c   Number         0  stm32h7xx_hal_qspi.o(.revsh_text)
    .revsh_text                              0x00000040   Section        4  stm32h7xx_hal_cortex.o(.revsh_text)
    $v0                                      0x00000040   Number         0  stm32h7xx_hal_cortex.o(.revsh_text)
    .revsh_text                              0x00000044   Section        4  system_stm32h7xx.o(.revsh_text)
    $v0                                      0x00000044   Number         0  system_stm32h7xx.o(.revsh_text)
    .rrx_text                                0x00000048   Section        6  flashprg.o(.rrx_text)
    $v0                                      0x00000048   Number         0  flashprg.o(.rrx_text)
    .rrx_text                                0x00000050   Section        6  bsp.o(.rrx_text)
    $v0                                      0x00000050   Number         0  bsp.o(.rrx_text)
    .rrx_text                                0x00000058   Section        6  bsp_qspi_w25q256.o(.rrx_text)
    $v0                                      0x00000058   Number         0  bsp_qspi_w25q256.o(.rrx_text)
    .rrx_text                                0x00000060   Section        6  stm32h7xx_hal.o(.rrx_text)
    $v0                                      0x00000060   Number         0  stm32h7xx_hal.o(.rrx_text)
    .rrx_text                                0x00000068   Section        6  stm32h7xx_hal_rcc.o(.rrx_text)
    $v0                                      0x00000068   Number         0  stm32h7xx_hal_rcc.o(.rrx_text)
    .rrx_text                                0x00000070   Section        6  stm32h7xx_hal_gpio.o(.rrx_text)
    $v0                                      0x00000070   Number         0  stm32h7xx_hal_gpio.o(.rrx_text)
    .rrx_text                                0x00000078   Section        6  stm32h7xx_hal_qspi.o(.rrx_text)
    $v0                                      0x00000078   Number         0  stm32h7xx_hal_qspi.o(.rrx_text)
    .rrx_text                                0x00000080   Section        6  stm32h7xx_hal_cortex.o(.rrx_text)
    $v0                                      0x00000080   Number         0  stm32h7xx_hal_cortex.o(.rrx_text)
    .rrx_text                                0x00000088   Section        6  system_stm32h7xx.o(.rrx_text)
    $v0                                      0x00000088   Number         0  system_stm32h7xx.o(.rrx_text)
    .text                                    0x0000008e   Section        0  flashprg.o(.text)
    .text                                    0x000001e0   Section        0  bsp.o(.text)
    .text                                    0x00000358   Section        0  bsp_qspi_w25q256.o(.text)
    QSPI_AutoPollingMemReady                 0x0000056d   Thumb Code   108  bsp_qspi_w25q256.o(.text)
    QSPI_WriteEnable                         0x000007ed   Thumb Code    74  bsp_qspi_w25q256.o(.text)
    .text                                    0x0000091c   Section        0  stm32h7xx_hal.o(.text)
    .text                                    0x00000f38   Section        0  stm32h7xx_hal_rcc.o(.text)
    .text                                    0x00001cc0   Section        0  stm32h7xx_hal_gpio.o(.text)
    .text                                    0x0000208c   Section        0  stm32h7xx_hal_qspi.o(.text)
    QSPI_WaitFlagStateUntilTimeout           0x0000208d   Thumb Code    30  stm32h7xx_hal_qspi.o(.text)
    QSPI_Config                              0x00002183   Thumb Code   488  stm32h7xx_hal_qspi.o(.text)
    .text                                    0x00002b24   Section        0  stm32h7xx_hal_cortex.o(.text)
    __NVIC_SetPriority                       0x00002b25   Thumb Code    32  stm32h7xx_hal_cortex.o(.text)
    __NVIC_GetPriorityGrouping               0x00002e8b   Thumb Code    12  stm32h7xx_hal_cortex.o(.text)
    .text                                    0x00002eac   Section        0  system_stm32h7xx.o(.text)
    .text                                    0x000031c0   Section        0  memseta.o(.text)
    .constdata                               0x000031e4   Section       16  system_stm32h7xx.o(.constdata)
    .data                                    0x000031f8   Section        9  stm32h7xx_hal.o(.data)
    .data                                    0x00003204   Section        8  system_stm32h7xx.o(.data)
    .bss                                     0x0000320c   Section       76  bsp_qspi_w25q256.o(.bss)
    .constdata                               0x0000320c   Section     4256  flashdev.o(.constdata)
    QSPIHandle                               0x0000320c   Data          76  bsp_qspi_w25q256.o(.bss)

    Global Symbols

    Symbol Name                              Value     Ov Type        Size  Object(Section)

    BuildAttributes$$THM_ISAv4$E$P$D$K$B$S$7EM$VFPv5_D16$PE$PLD8$A:L22UL41UL21$X:L11$S22US41US21$IEEE1$IW$RWPI$USESV6$~STKCKD$USESV7$~SHL$OSPACE$ROPI$EBA8$MICROLIB$REQ8$PRES8$EABIv2 0x00000000   Number         0  anon$$obj.o ABSOLUTE
    __asm___10_FlashPrg_c_Init____REV16      0x00000001   Thumb Code     4  flashprg.o(.rev16_text)
    __asm___5_bsp_c_2a3ab6ca____REV16        0x00000005   Thumb Code     4  bsp.o(.rev16_text)
    __asm___18_bsp_qspi_w25q256_c_8e819519____REV16 0x00000009   Thumb Code     4  bsp_qspi_w25q256.o(.rev16_text)
    __asm___15_stm32h7xx_hal_c_3da258af____REV16 0x0000000d   Thumb Code     4  stm32h7xx_hal.o(.rev16_text)
    __asm___19_stm32h7xx_hal_rcc_c_b7071a4b____REV16 0x00000011   Thumb Code     4  stm32h7xx_hal_rcc.o(.rev16_text)
    __asm___20_stm32h7xx_hal_gpio_c_ea787061____REV16 0x00000015   Thumb Code     4  stm32h7xx_hal_gpio.o(.rev16_text)
    __asm___20_stm32h7xx_hal_qspi_c_9f327679____REV16 0x00000019   Thumb Code     4  stm32h7xx_hal_qspi.o(.rev16_text)
    __asm___22_stm32h7xx_hal_cortex_c_2992dbc0____REV16 0x0000001d   Thumb Code     4  stm32h7xx_hal_cortex.o(.rev16_text)
    __asm___18_system_stm32h7xx_c_5d646a67____REV16 0x00000021   Thumb Code     4  system_stm32h7xx.o(.rev16_text)
    __asm___10_FlashPrg_c_Init____REVSH      0x00000025   Thumb Code     4  flashprg.o(.revsh_text)
    __asm___5_bsp_c_2a3ab6ca____REVSH        0x00000029   Thumb Code     4  bsp.o(.revsh_text)
    __asm___18_bsp_qspi_w25q256_c_8e819519____REVSH 0x0000002d   Thumb Code     4  bsp_qspi_w25q256.o(.revsh_text)
    __asm___15_stm32h7xx_hal_c_3da258af____REVSH 0x00000031   Thumb Code     4  stm32h7xx_hal.o(.revsh_text)
    __asm___19_stm32h7xx_hal_rcc_c_b7071a4b____REVSH 0x00000035   Thumb Code     4  stm32h7xx_hal_rcc.o(.revsh_text)
    __asm___20_stm32h7xx_hal_gpio_c_ea787061____REVSH 0x00000039   Thumb Code     4  stm32h7xx_hal_gpio.o(.revsh_text)
    __asm___20_stm32h7xx_hal_qspi_c_9f327679____REVSH 0x0000003d   Thumb Code     4  stm32h7xx_hal_qspi.o(.revsh_text)
    __asm___22_stm32h7xx_hal_cortex_c_2992dbc0____REVSH 0x00000041   Thumb Code     4  stm32h7xx_hal_cortex.o(.revsh_text)
    __asm___18_system_stm32h7xx_c_5d646a67____REVSH 0x00000045   Thumb Code     4  system_stm32h7xx.o(.revsh_text)
    __asm___10_FlashPrg_c_Init____RRX        0x00000049   Thumb Code     6  flashprg.o(.rrx_text)
    __asm___5_bsp_c_2a3ab6ca____RRX          0x00000051   Thumb Code     6  bsp.o(.rrx_text)
    __asm___18_bsp_qspi_w25q256_c_8e819519____RRX 0x00000059   Thumb Code     6  bsp_qspi_w25q256.o(.rrx_text)
    __asm___15_stm32h7xx_hal_c_3da258af____RRX 0x00000061   Thumb Code     6  stm32h7xx_hal.o(.rrx_text)
    __asm___19_stm32h7xx_hal_rcc_c_b7071a4b____RRX 0x00000069   Thumb Code     6  stm32h7xx_hal_rcc.o(.rrx_text)
    __asm___20_stm32h7xx_hal_gpio_c_ea787061____RRX 0x00000071   Thumb Code     6  stm32h7xx_hal_gpio.o(.rrx_text)
    __asm___20_stm32h7xx_hal_qspi_c_9f327679____RRX 0x00000079   Thumb Code     6  stm32h7xx_hal_qspi.o(.rrx_text)
    __asm___22_stm32h7xx_hal_cortex_c_2992dbc0____RRX 0x00000081   Thumb Code     6  stm32h7xx_hal_cortex.o(.rrx_text)
    __asm___18_system_stm32h7xx_c_5d646a67____RRX 0x00000089   Thumb Code     6  system_stm32h7xx.o(.rrx_text)
    Init                                     0x0000008f   Thumb Code    62  flashprg.o(.text)
    UnInit                                   0x000000cd   Thumb Code    34  flashprg.o(.text)
    EraseChip                                0x000000ef   Thumb Code    64  flashprg.o(.text)
    EraseSector                              0x0000012f   Thumb Code    72  flashprg.o(.text)
    ProgramPage                              0x00000177   Thumb Code   104  flashprg.o(.text)
    HAL_InitTick                             0x000001e1   Thumb Code     6  bsp.o(.text)
    SystemClock_Config                       0x000001e7   Thumb Code   356  bsp.o(.text)
    bsp_InitQSPI_W25Q256                     0x00000359   Thumb Code    90  bsp_qspi_w25q256.o(.text)
    HAL_QSPI_MspInit                         0x000003b3   Thumb Code   344  bsp_qspi_w25q256.o(.text)
    HAL_QSPI_MspDeInit                       0x0000050b   Thumb Code    98  bsp_qspi_w25q256.o(.text)
    QSPI_Erase64k                            0x000005d9   Thumb Code    96  bsp_qspi_w25q256.o(.text)
    QSPI_EraseSector                         0x00000639   Thumb Code    94  bsp_qspi_w25q256.o(.text)
    QSPI_EraseChip                           0x00000697   Thumb Code    90  bsp_qspi_w25q256.o(.text)
    QSPI_WriteBuffer                         0x000006f1   Thumb Code   150  bsp_qspi_w25q256.o(.text)
    QSPI_ReadBuffer                          0x00000787   Thumb Code   102  bsp_qspi_w25q256.o(.text)
    QSPI_Flash_WriteEnable                   0x00000837   Thumb Code    12  bsp_qspi_w25q256.o(.text)
    QSPI_ReadID                              0x00000843   Thumb Code   114  bsp_qspi_w25q256.o(.text)
    QSPI_MemoryMapped                        0x000008b5   Thumb Code    86  bsp_qspi_w25q256.o(.text)
    QSPI_QuitMemoryMapped                    0x0000090b   Thumb Code    14  bsp_qspi_w25q256.o(.text)
    HAL_MspInit                              0x0000091d   Thumb Code     2  stm32h7xx_hal.o(.text)
    HAL_Init                                 0x00000971   Thumb Code    86  stm32h7xx_hal.o(.text)
    HAL_MspDeInit                            0x000009c7   Thumb Code     2  stm32h7xx_hal.o(.text)
    HAL_DeInit                               0x000009c9   Thumb Code   106  stm32h7xx_hal.o(.text)
    HAL_IncTick                              0x00000a33   Thumb Code    22  stm32h7xx_hal.o(.text)
    HAL_GetTick                              0x00000a49   Thumb Code     8  stm32h7xx_hal.o(.text)
    HAL_GetTickPrio                          0x00000a51   Thumb Code     8  stm32h7xx_hal.o(.text)
    HAL_SetTickFreq                          0x00000a59   Thumb Code    48  stm32h7xx_hal.o(.text)
    HAL_GetTickFreq                          0x00000a89   Thumb Code     8  stm32h7xx_hal.o(.text)
    HAL_Delay                                0x00000a91   Thumb Code    38  stm32h7xx_hal.o(.text)
    HAL_SuspendTick                          0x00000ab7   Thumb Code    18  stm32h7xx_hal.o(.text)
    HAL_ResumeTick                           0x00000ac9   Thumb Code    18  stm32h7xx_hal.o(.text)
    HAL_GetHalVersion                        0x00000adb   Thumb Code     4  stm32h7xx_hal.o(.text)
    HAL_GetREVID                             0x00000adf   Thumb Code     8  stm32h7xx_hal.o(.text)
    HAL_GetDEVID                             0x00000ae7   Thumb Code    10  stm32h7xx_hal.o(.text)
    HAL_GetUIDw0                             0x00000af1   Thumb Code     6  stm32h7xx_hal.o(.text)
    HAL_GetUIDw1                             0x00000af7   Thumb Code     8  stm32h7xx_hal.o(.text)
    HAL_GetUIDw2                             0x00000aff   Thumb Code     8  stm32h7xx_hal.o(.text)
    HAL_SYSCFG_VREFBUF_VoltageScalingConfig  0x00000b07   Thumb Code    16  stm32h7xx_hal.o(.text)
    HAL_SYSCFG_VREFBUF_HighImpedanceConfig   0x00000b17   Thumb Code    16  stm32h7xx_hal.o(.text)
    HAL_SYSCFG_VREFBUF_TrimmingConfig        0x00000b27   Thumb Code    20  stm32h7xx_hal.o(.text)
    HAL_SYSCFG_EnableVREFBUF                 0x00000b3b   Thumb Code    52  stm32h7xx_hal.o(.text)
    HAL_SYSCFG_DisableVREFBUF                0x00000b6f   Thumb Code    14  stm32h7xx_hal.o(.text)
    HAL_SYSCFG_ETHInterfaceSelect            0x00000b7d   Thumb Code    16  stm32h7xx_hal.o(.text)
    HAL_SYSCFG_AnalogSwitchConfig            0x00000b8d   Thumb Code    14  stm32h7xx_hal.o(.text)
    HAL_SYSCFG_EnableBOOST                   0x00000b9b   Thumb Code    14  stm32h7xx_hal.o(.text)
    HAL_SYSCFG_DisableBOOST                  0x00000ba9   Thumb Code    14  stm32h7xx_hal.o(.text)
    HAL_SYSCFG_CM7BootAddConfig              0x00000bb7   Thumb Code    40  stm32h7xx_hal.o(.text)
    HAL_EnableCompensationCell               0x00000bdf   Thumb Code    18  stm32h7xx_hal.o(.text)
    HAL_DisableCompensationCell              0x00000bf1   Thumb Code    18  stm32h7xx_hal.o(.text)
    HAL_SYSCFG_EnableIOSpeedOptimize         0x00000c03   Thumb Code    18  stm32h7xx_hal.o(.text)
    HAL_SYSCFG_DisableIOSpeedOptimize        0x00000c15   Thumb Code    18  stm32h7xx_hal.o(.text)
    HAL_SYSCFG_CompensationCodeSelect        0x00000c27   Thumb Code    20  stm32h7xx_hal.o(.text)
    HAL_SYSCFG_CompensationCodeConfig        0x00000c3b   Thumb Code    24  stm32h7xx_hal.o(.text)
    HAL_DBGMCU_EnableDBGSleepMode            0x00000c53   Thumb Code    14  stm32h7xx_hal.o(.text)
    HAL_DBGMCU_DisableDBGSleepMode           0x00000c61   Thumb Code    14  stm32h7xx_hal.o(.text)
    HAL_DBGMCU_EnableDBGStopMode             0x00000c6f   Thumb Code    14  stm32h7xx_hal.o(.text)
    HAL_DBGMCU_DisableDBGStopMode            0x00000c7d   Thumb Code    14  stm32h7xx_hal.o(.text)
    HAL_DBGMCU_EnableDBGStandbyMode          0x00000c8b   Thumb Code    14  stm32h7xx_hal.o(.text)
    HAL_DBGMCU_DisableDBGStandbyMode         0x00000c99   Thumb Code    14  stm32h7xx_hal.o(.text)
    HAL_EnableDomain3DBGStopMode             0x00000ca7   Thumb Code    14  stm32h7xx_hal.o(.text)
    HAL_DisableDomain3DBGStopMode            0x00000cb5   Thumb Code    14  stm32h7xx_hal.o(.text)
    HAL_EnableDomain3DBGStandbyMode          0x00000cc3   Thumb Code    14  stm32h7xx_hal.o(.text)
    HAL_DisableDomain3DBGStandbyMode         0x00000cd1   Thumb Code    14  stm32h7xx_hal.o(.text)
    HAL_SetFMCMemorySwappingConfig           0x00000cdf   Thumb Code    16  stm32h7xx_hal.o(.text)
    HAL_GetFMCMemorySwappingConfig           0x00000cef   Thumb Code    10  stm32h7xx_hal.o(.text)
    HAL_EXTI_EdgeConfig                      0x00000cf9   Thumb Code   226  stm32h7xx_hal.o(.text)
    HAL_EXTI_GenerateSWInterrupt             0x00000ddb   Thumb Code    32  stm32h7xx_hal.o(.text)
    HAL_EXTI_D1_ClearFlag                    0x00000dfb   Thumb Code    22  stm32h7xx_hal.o(.text)
    HAL_EXTI_D1_EventInputConfig             0x00000e11   Thumb Code   168  stm32h7xx_hal.o(.text)
    HAL_EXTI_D3_EventInputConfig             0x00000eb9   Thumb Code   124  stm32h7xx_hal.o(.text)
    HAL_RCC_DeInit                           0x00000f39   Thumb Code   526  stm32h7xx_hal_rcc.o(.text)
    HAL_RCC_OscConfig                        0x00001147   Thumb Code   668  stm32h7xx_hal_rcc.o(.text)
    HAL_RCC_GetSysClockFreq                  0x000013e3   Thumb Code   518  stm32h7xx_hal_rcc.o(.text)
    HAL_RCC_ClockConfig                      0x000015e9   Thumb Code   820  stm32h7xx_hal_rcc.o(.text)
    HAL_RCC_MCOConfig                        0x0000191d   Thumb Code   182  stm32h7xx_hal_rcc.o(.text)
    HAL_RCC_EnableCSS                        0x000019d3   Thumb Code    14  stm32h7xx_hal_rcc.o(.text)
    HAL_RCC_DisableCSS                       0x000019e1   Thumb Code    14  stm32h7xx_hal_rcc.o(.text)
    HAL_RCC_GetHCLKFreq                      0x000019ef   Thumb Code    70  stm32h7xx_hal_rcc.o(.text)
    HAL_RCC_GetPCLK1Freq                     0x00001a35   Thumb Code    32  stm32h7xx_hal_rcc.o(.text)
    HAL_RCC_GetPCLK2Freq                     0x00001a55   Thumb Code    32  stm32h7xx_hal_rcc.o(.text)
    HAL_RCC_GetOscConfig                     0x00001a75   Thumb Code   442  stm32h7xx_hal_rcc.o(.text)
    HAL_RCC_GetClockConfig                   0x00001c2f   Thumb Code   100  stm32h7xx_hal_rcc.o(.text)
    HAL_RCC_CSSCallback                      0x00001c93   Thumb Code     2  stm32h7xx_hal_rcc.o(.text)
    HAL_RCC_NMI_IRQHandler                   0x00001c95   Thumb Code    34  stm32h7xx_hal_rcc.o(.text)
    HAL_GPIO_Init                            0x00001cc1   Thumb Code   468  stm32h7xx_hal_gpio.o(.text)
    HAL_GPIO_DeInit                          0x00001e95   Thumb Code   328  stm32h7xx_hal_gpio.o(.text)
    HAL_GPIO_ReadPin                         0x00001fdd   Thumb Code    16  stm32h7xx_hal_gpio.o(.text)
    HAL_GPIO_WritePin                        0x00001fed   Thumb Code    12  stm32h7xx_hal_gpio.o(.text)
    HAL_GPIO_TogglePin                       0x00001ff9   Thumb Code    18  stm32h7xx_hal_gpio.o(.text)
    HAL_GPIO_LockPin                         0x0000200b   Thumb Code    46  stm32h7xx_hal_gpio.o(.text)
    HAL_GPIO_EXTI_Callback                   0x00002039   Thumb Code     2  stm32h7xx_hal_gpio.o(.text)
    HAL_GPIO_EXTI_IRQHandler                 0x0000203b   Thumb Code    28  stm32h7xx_hal_gpio.o(.text)
    HAL_QSPI_SetTimeout                      0x000020ab   Thumb Code     4  stm32h7xx_hal_qspi.o(.text)
    HAL_QSPI_Init                            0x000020b1   Thumb Code   168  stm32h7xx_hal_qspi.o(.text)
    HAL_QSPI_DeInit                          0x0000215b   Thumb Code    40  stm32h7xx_hal_qspi.o(.text)
    HAL_QSPI_Command                         0x0000236b   Thumb Code   164  stm32h7xx_hal_qspi.o(.text)
    HAL_QSPI_Command_IT                      0x0000240f   Thumb Code   180  stm32h7xx_hal_qspi.o(.text)
    HAL_QSPI_Transmit                        0x000024c3   Thumb Code   222  stm32h7xx_hal_qspi.o(.text)
    HAL_QSPI_Receive                         0x000025a1   Thumb Code   228  stm32h7xx_hal_qspi.o(.text)
    HAL_QSPI_Transmit_IT                     0x00002685   Thumb Code   144  stm32h7xx_hal_qspi.o(.text)
    HAL_QSPI_Receive_IT                      0x00002715   Thumb Code   156  stm32h7xx_hal_qspi.o(.text)
    HAL_QSPI_AutoPolling                     0x000027b1   Thumb Code   202  stm32h7xx_hal_qspi.o(.text)
    HAL_QSPI_AutoPolling_IT                  0x0000287b   Thumb Code   206  stm32h7xx_hal_qspi.o(.text)
    HAL_QSPI_MemoryMapped                    0x00002949   Thumb Code   172  stm32h7xx_hal_qspi.o(.text)
    HAL_QSPI_ErrorCallback                   0x000029f5   Thumb Code     2  stm32h7xx_hal_qspi.o(.text)
    HAL_QSPI_AbortCpltCallback               0x000029f7   Thumb Code     2  stm32h7xx_hal_qspi.o(.text)
    HAL_QSPI_CmdCpltCallback                 0x000029f9   Thumb Code     2  stm32h7xx_hal_qspi.o(.text)
    HAL_QSPI_RxCpltCallback                  0x000029fb   Thumb Code     2  stm32h7xx_hal_qspi.o(.text)
    HAL_QSPI_TxCpltCallback                  0x000029fd   Thumb Code     2  stm32h7xx_hal_qspi.o(.text)
    HAL_QSPI_FifoThresholdCallback           0x000029ff   Thumb Code     2  stm32h7xx_hal_qspi.o(.text)
    HAL_QSPI_StatusMatchCallback             0x00002a01   Thumb Code     2  stm32h7xx_hal_qspi.o(.text)
    HAL_QSPI_TimeOutCallback                 0x00002a03   Thumb Code     2  stm32h7xx_hal_qspi.o(.text)
    HAL_QSPI_GetState                        0x00002a05   Thumb Code     8  stm32h7xx_hal_qspi.o(.text)
    HAL_QSPI_GetError                        0x00002a0d   Thumb Code     6  stm32h7xx_hal_qspi.o(.text)
    HAL_QSPI_Abort                           0x00002a13   Thumb Code   112  stm32h7xx_hal_qspi.o(.text)
    HAL_QSPI_SetFifoThreshold                0x00002a83   Thumb Code    76  stm32h7xx_hal_qspi.o(.text)
    HAL_QSPI_GetFifoThreshold                0x00002acf   Thumb Code    14  stm32h7xx_hal_qspi.o(.text)
    HAL_QSPI_SetFlashID                      0x00002add   Thumb Code    70  stm32h7xx_hal_qspi.o(.text)
    HAL_NVIC_SetPriorityGrouping             0x00002b45   Thumb Code    36  stm32h7xx_hal_cortex.o(.text)
    HAL_NVIC_SetPriority                     0x00002b69   Thumb Code   122  stm32h7xx_hal_cortex.o(.text)
    HAL_NVIC_EnableIRQ                       0x00002be3   Thumb Code    40  stm32h7xx_hal_cortex.o(.text)
    HAL_NVIC_DisableIRQ                      0x00002c0b   Thumb Code    38  stm32h7xx_hal_cortex.o(.text)
    HAL_NVIC_SystemReset                     0x00002c31   Thumb Code    40  stm32h7xx_hal_cortex.o(.text)
    HAL_SYSTICK_Config                       0x00002c59   Thumb Code    52  stm32h7xx_hal_cortex.o(.text)
    HAL_MPU_Disable                          0x00002c8d   Thumb Code    30  stm32h7xx_hal_cortex.o(.text)
    HAL_MPU_Enable                           0x00002cab   Thumb Code    36  stm32h7xx_hal_cortex.o(.text)
    HAL_MPU_ConfigRegion                     0x00002ccf   Thumb Code    90  stm32h7xx_hal_cortex.o(.text)
    HAL_NVIC_GetPriorityGrouping             0x00002d29   Thumb Code     8  stm32h7xx_hal_cortex.o(.text)
    HAL_NVIC_GetPriority                     0x00002d31   Thumb Code   138  stm32h7xx_hal_cortex.o(.text)
    HAL_NVIC_SetPendingIRQ                   0x00002dbb   Thumb Code    32  stm32h7xx_hal_cortex.o(.text)
    HAL_NVIC_GetPendingIRQ                   0x00002ddb   Thumb Code    46  stm32h7xx_hal_cortex.o(.text)
    HAL_NVIC_ClearPendingIRQ                 0x00002e09   Thumb Code    30  stm32h7xx_hal_cortex.o(.text)
    HAL_NVIC_GetActive                       0x00002e27   Thumb Code    46  stm32h7xx_hal_cortex.o(.text)
    HAL_SYSTICK_CLKSourceConfig              0x00002e55   Thumb Code    40  stm32h7xx_hal_cortex.o(.text)
    HAL_SYSTICK_Callback                     0x00002e7d   Thumb Code     2  stm32h7xx_hal_cortex.o(.text)
    HAL_SYSTICK_IRQHandler                   0x00002e7f   Thumb Code     8  stm32h7xx_hal_cortex.o(.text)
    HAL_GetCurrentCPUID                      0x00002e87   Thumb Code     4  stm32h7xx_hal_cortex.o(.text)
    SystemInit                               0x00002ead   Thumb Code   220  system_stm32h7xx.o(.text)
    SystemCoreClockUpdate                    0x00002f89   Thumb Code   492  system_stm32h7xx.o(.text)
    __aeabi_memset                           0x000031c1   Thumb Code    14  memseta.o(.text)
    __aeabi_memset4                          0x000031c1   Thumb Code     0  memseta.o(.text)
    __aeabi_memset8                          0x000031c1   Thumb Code     0  memseta.o(.text)
    __aeabi_memclr                           0x000031cf   Thumb Code     4  memseta.o(.text)
    __aeabi_memclr4                          0x000031cf   Thumb Code     0  memseta.o(.text)
    __aeabi_memclr8                          0x000031cf   Thumb Code     0  memseta.o(.text)
    _memset$wrapper                          0x000031d3   Thumb Code    18  memseta.o(.text)
    D1CorePrescTable                         0x000031e4   Data          16  system_stm32h7xx.o(.constdata)
    uwTick                                   0x000031f8   Data           4  stm32h7xx_hal.o(.data)
    uwTickPrio                               0x000031fc   Data           4  stm32h7xx_hal.o(.data)
    uwTickFreq                               0x00003200   Data           1  stm32h7xx_hal.o(.data)
    SystemCoreClock                          0x00003204   Data           4  system_stm32h7xx.o(.data)
    SystemD2Clock                            0x00003208   Data           4  system_stm32h7xx.o(.data)
    FlashDevice                              0x0000320c   Data        4256  flashdev.o(.constdata)



==============================================================================

Memory Map of the image

  Image entry point : Not specified.

  Load Region PRG (Base: 0x00000000, Size: 0x0000320c, Max: 0xffffffff, PI)

    Execution Region PrgCode (Exec base: 0x00000000, Load base: 0x00000000, Size: 0x000031f4, Max: 0xffffffff, PI)

    Exec Addr    Load Addr    Size         Type   Attr      Idx    E Section Name        Object

    0x00000000   0x00000000   0x00000004   Code   RO            1    .rev16_text         flashprg.o
    0x00000004   0x00000004   0x00000004   Code   RO          356    .rev16_text         bsp.o
    0x00000008   0x00000008   0x00000004   Code   RO          380    .rev16_text         bsp_qspi_w25q256.o
    0x0000000c   0x0000000c   0x00000004   Code   RO          406    .rev16_text         stm32h7xx_hal.o
    0x00000010   0x00000010   0x00000004   Code   RO          436    .rev16_text         stm32h7xx_hal_rcc.o
    0x00000014   0x00000014   0x00000004   Code   RO          460    .rev16_text         stm32h7xx_hal_gpio.o
    0x00000018   0x00000018   0x00000004   Code   RO          484    .rev16_text         stm32h7xx_hal_qspi.o
    0x0000001c   0x0000001c   0x00000004   Code   RO          508    .rev16_text         stm32h7xx_hal_cortex.o
    0x00000020   0x00000020   0x00000004   Code   RO          536    .rev16_text         system_stm32h7xx.o
    0x00000024   0x00000024   0x00000004   Code   RO            2    .revsh_text         flashprg.o
    0x00000028   0x00000028   0x00000004   Code   RO          357    .revsh_text         bsp.o
    0x0000002c   0x0000002c   0x00000004   Code   RO          381    .revsh_text         bsp_qspi_w25q256.o
    0x00000030   0x00000030   0x00000004   Code   RO          407    .revsh_text         stm32h7xx_hal.o
    0x00000034   0x00000034   0x00000004   Code   RO          437    .revsh_text         stm32h7xx_hal_rcc.o
    0x00000038   0x00000038   0x00000004   Code   RO          461    .revsh_text         stm32h7xx_hal_gpio.o
    0x0000003c   0x0000003c   0x00000004   Code   RO          485    .revsh_text         stm32h7xx_hal_qspi.o
    0x00000040   0x00000040   0x00000004   Code   RO          509    .revsh_text         stm32h7xx_hal_cortex.o
    0x00000044   0x00000044   0x00000004   Code   RO          537    .revsh_text         system_stm32h7xx.o
    0x00000048   0x00000048   0x00000006   Code   RO            3    .rrx_text           flashprg.o
    0x0000004e   0x0000004e   0x00000002   PAD
    0x00000050   0x00000050   0x00000006   Code   RO          358    .rrx_text           bsp.o
    0x00000056   0x00000056   0x00000002   PAD
    0x00000058   0x00000058   0x00000006   Code   RO          382    .rrx_text           bsp_qspi_w25q256.o
    0x0000005e   0x0000005e   0x00000002   PAD
    0x00000060   0x00000060   0x00000006   Code   RO          408    .rrx_text           stm32h7xx_hal.o
    0x00000066   0x00000066   0x00000002   PAD
    0x00000068   0x00000068   0x00000006   Code   RO          438    .rrx_text           stm32h7xx_hal_rcc.o
    0x0000006e   0x0000006e   0x00000002   PAD
    0x00000070   0x00000070   0x00000006   Code   RO          462    .rrx_text           stm32h7xx_hal_gpio.o
    0x00000076   0x00000076   0x00000002   PAD
    0x00000078   0x00000078   0x00000006   Code   RO          486    .rrx_text           stm32h7xx_hal_qspi.o
    0x0000007e   0x0000007e   0x00000002   PAD
    0x00000080   0x00000080   0x00000006   Code   RO          510    .rrx_text           stm32h7xx_hal_cortex.o
    0x00000086   0x00000086   0x00000002   PAD
    0x00000088   0x00000088   0x00000006   Code   RO          538    .rrx_text           system_stm32h7xx.o
    0x0000008e   0x0000008e   0x00000150   Code   RO            4    .text               flashprg.o
    0x000001de   0x000001de   0x00000002   PAD
    0x000001e0   0x000001e0   0x00000178   Code   RO          359    .text               bsp.o
    0x00000358   0x00000358   0x000005c4   Code   RO          383    .text               bsp_qspi_w25q256.o
    0x0000091c   0x0000091c   0x0000061c   Code   RO          409    .text               stm32h7xx_hal.o
    0x00000f38   0x00000f38   0x00000d88   Code   RO          439    .text               stm32h7xx_hal_rcc.o
    0x00001cc0   0x00001cc0   0x000003cc   Code   RO          463    .text               stm32h7xx_hal_gpio.o
    0x0000208c   0x0000208c   0x00000a96   Code   RO          487    .text               stm32h7xx_hal_qspi.o
    0x00002b22   0x00002b22   0x00000002   PAD
    0x00002b24   0x00002b24   0x00000388   Code   RO          511    .text               stm32h7xx_hal_cortex.o
    0x00002eac   0x00002eac   0x00000314   Code   RO          539    .text               system_stm32h7xx.o
    0x000031c0   0x000031c0   0x00000024   Code   RO          569    .text               mc_w.l(memseta.o)
    0x000031e4   0x000031e4   0x00000010   Data   RO          540    .constdata          system_stm32h7xx.o


    Execution Region PrgData (Exec base: 0x000031f4, Load base: 0x000031f4, Size: 0x00000064, Max: 0xffffffff, PI)

    Exec Addr    Load Addr    Size         Type   Attr      Idx    E Section Name        Object

    0x000031f4   0x000031f4   0x00000004   Data   RW          571    PDT$$ptr            anon$$obj.o
    0x000031f8   0x000031f8   0x00000009   Data   RW          410    .data               stm32h7xx_hal.o
    0x00003201   0x00003201   0x00000003   PAD
    0x00003204   0x00003204   0x00000008   Data   RW          541    .data               system_stm32h7xx.o
    0x0000320c        -       0x0000004c   Zero   RW          384    .bss                bsp_qspi_w25q256.o



  Load Region DSCR (Base: 0x0000320c, Size: 0x000010a0, Max: 0xffffffff, PI)

    Execution Region DevDscr (Exec base: 0x0000320c, Load base: 0x0000320c, Size: 0x000010a0, Max: 0xffffffff, PI)

    Exec Addr    Load Addr    Size         Type   Attr      Idx    E Section Name        Object

    0x0000320c   0x0000320c   0x000010a0   Data   RO          344    .constdata          flashdev.o


==============================================================================

Image component sizes


      Code (inc. data)   RO Data    RW Data    ZI Data      Debug   Object Name

       390         14          0          0          0       2918   bsp.o
      1490         28          0          0         76       8613   bsp_qspi_w25q256.o
         0          0       4256          0          0       1270   flashdev.o
       350          0          0          0          0    1149527   flashprg.o
      1578         84          0          9          0      30609   stm32h7xx_hal.o
       918         22          0          0          0      42598   stm32h7xx_hal_cortex.o
       986         54          0          0          0       5231   stm32h7xx_hal_gpio.o
      2724          8          0          0          0      12339   stm32h7xx_hal_qspi.o
      3478        124          0          0          0       7643   stm32h7xx_hal_rcc.o
       802         76         16          8          0       3884   system_stm32h7xx.o

    ----------------------------------------------------------------------
     12736        410       4272         24         76    1264632   Object Totals
         0          0          0          4          0          0   (incl. Generated)
        20          0          0          3          0          0   (incl. Padding)

    ----------------------------------------------------------------------

      Code (inc. data)   RO Data    RW Data    ZI Data      Debug   Library Member Name

        36          0          0          0          0        108   memseta.o

    ----------------------------------------------------------------------
        36          0          0          0          0        108   Library Totals
         0          0          0          0          0          0   (incl. Padding)

    ----------------------------------------------------------------------

      Code (inc. data)   RO Data    RW Data    ZI Data      Debug   Library Name

        36          0          0          0          0        108   mc_w.l

    ----------------------------------------------------------------------
        36          0          0          0          0        108   Library Totals

    ----------------------------------------------------------------------

==============================================================================


      Code (inc. data)   RO Data    RW Data    ZI Data      Debug   

     12772        410       4272         24         76    1260244   Grand Totals
     12772        410       4272         24         76    1260244   ELF Image Totals
     12772        410       4272         24          0          0   ROM Totals

==============================================================================

    Total RO  Size (Code + RO Data)                17044 (  16.64kB)
    Total RW  Size (RW Data + ZI Data)               100 (   0.10kB)
    Total ROM Size (Code + RO Data + RW Data)      17068 (  16.67kB)

==============================================================================

