<html>
<body>
<pre>
<h1>礦ision Build Log</h1>
<h2>Tool Versions:</h2>
IDE-Version: μVision V5.40.0.0
Copyright (C) 2024 ARM Ltd and ARM Germany GmbH. All rights reserved.
License Information: 123 DELL, 123, LIC=ATTQ1-CK8RE-GKRBG-V6IUS-F78GV-H8R1Y
 
Tool Versions:
Toolchain:       MDK-ARM Plus  Version: 5.40.0.3
Toolchain Path:  C:\Users\DELL\AppData\Local\Keil_v5\ARM\ARMCC\Bin
C Compiler:      Armcc.exe V5.06 update 7 (build 960)
Assembler:       Armasm.exe V5.06 update 7 (build 960)
Linker/Locator:  ArmLink.exe V5.06 update 7 (build 960)
Library Manager: ArmAr.exe V5.06 update 7 (build 960)
Hex Converter:   FromElf.exe V5.06 update 7 (build 960)
CPU DLL:         SARMCM3.DLL V5.40.0.3
Dialog DLL:      DCM.DLL V1.17.5.0
Target DLL:      Segger\JL2CM3.dll V2.99.44.0
Dialog DLL:      TCM.DLL V1.56.4.0
 
<h2>Project:</h2>
E:\V7-060_QSPI Flash的MDK下载算法制作\Project\MDK-ARM(AC5)\project.uvprojx
Project File Date:  01/26/2026

<h2>Output:</h2>
*** Using Compiler 'V5.06 update 7 (build 960)', folder: 'C:\Users\DELL\AppData\Local\Keil_v5\ARM\ARMCC\Bin'
Rebuild target 'Flash'
compiling FlashDev.c...
compiling FlashPrg.c...
compiling bsp.c...
compiling stm32h7xx_hal_gpio.c...
compiling bsp_qspi_w25q256.c...
compiling stm32h7xx_hal_cortex.c...
compiling system_stm32h7xx.c...
compiling stm32h7xx_hal.c...
compiling stm32h7xx_hal_rcc.c...
compiling stm32h7xx_hal_qspi.c...
linking...
Program Size: Code=12704 RO-data=4272 RW-data=24 ZI-data=76  
FromELF: creating hex file...
After Build - User command #1: cmd.exe /C copy ".\Objects\ARMFLY_STM32H7x_QSPI_PRJ.axf" "..\ARMFLY_STM32H7x_QSPI_PRJ.FLM"
已复制         1 个文件。
".\Objects\ARMFLY_STM32H7x_QSPI_PRJ.axf" - 0 Error(s), 0 Warning(s).

<h2>Software Packages used:</h2>

Package Vendor: Keil
                http://www.keil.com/pack/Keil.STM32H7xx_DFP.3.0.0.pack
                Keil::STM32H7xx_DFP@3.0.0
                STMicroelectronics STM32H7 Series Device Support and Examples

<h2>Collection of Component include folders:</h2>
  C:/Users/DELL/AppData/Local/Arm/Packs/Keil/STM32H7xx_DFP/3.0.0/Drivers/CMSIS/Device/ST/STM32H7xx/Include

<h2>Collection of Component Files used:</h2>
Build Time Elapsed:  00:00:01
</pre>
</body>
</html>
